MAP
    DEBUG 5
    IMAGECOLOR 0 255 0
    OUTPUTFORMAT
        NAME "PNG24"
        DRIVER 'GD/PNG'
        MIMETYPE 'image/png'
        IMAGEMODE RGBA
        EXTENSION 'png'
    END

    IMAGETYPE      "PNG24"
    EXTENT -20037508.3427892480 -20037508.3427892480 20037508.3427892480 20037508.3427892480
    SIZE           256 256

    PROJECTION
        "init=epsg:3857"
    END
    WEB
        METADATA 
            WMS_ENABLE_REQUEST "*" 
            "wms_srs" "EPSG:3857 EPSG:4326"
            "wms_title" "DRIVER"
            "wms_name" "Driver Maps"
            "wms_server_version" "1.1.1"
            "wms_format" "image/png"
            "tile_map_edge_buffer" "20"
            "tile_metatile_level" "0"
        END
    END 

    LAYER
        NAME        "boundary"
        DATA        "{{query|safe}}"
        CONNECTIONTYPE  POSTGIS
        CONNECTION      "host={{connection}} dbname={{dbname}} user={{username}} password={{password}}"
        UTFITEM   "uuid"
        UTFDATA   "{\"uuid\":\"[uuid]\",\"name\":\"[label]\"}"
        TYPE POLYGON
        PROJECTION
            "init=epsg:4326"
        END
        CLASS
            STYLE
                OUTLINECOLOR {{color}}
                WIDTH 2
                OPACITY 70
                COLOR 0 0 0
            END
        END
    END
    SYMBOL
        NAME "circlef"
        TYPE ellipse
        FILLED true
        POINTS
            10 10
        END # POINTS
        TRANSPARENT 60
    END # SYMBOL
END